
--> Exiting with error: Error while checking for '/Users/kvz/code/frey/test/scenario/dynamodb/.git'
--> Details:

undefined
