
--> Exiting with error: Error while checking for '{root}/test/scenario/gitless/.git'
--> Details:

undefined
