--> Will run: [ 'prepare->run' ]
--> mbp - prepare->run
Done
