
--> Exiting with error: Error while checking for '{root}/test/scenario/prepare/.git'
--> Details:

undefined
